📦 Fetching all software versions...

📝 Deduplication Plan:
   🔄 Group [4.1.0]: Map wpg4110szfxco2j -> b3z22pngumegx6c
   🔄 Group [8.0]: Map l6jw2ejdmsg1bex -> d1puksh4jdxtq0q
   🔄 Group [Cedar S 1.3.0]: Map vspw7sg9qr6x1f8 -> 1axb8mitlm2d87r
   🔄 Group [1.11.0]: Map zzu4z2zc2ep207g -> a7so39i2cbgiq39
   🔄 Group [3.6.1]: Map rw67y3gohjci16o -> lh9fogavmtziyiz
   🔄 Group [3.6.1]: Map lvob1z40584oj7n -> lh9fogavmtziyiz
   🔄 Group [R6F]: Map 3158hnz2wu6hrxs -> hz6emfhi2p6681k
   🔄 Group [R6F]: Map bdexxqkslqfllro -> hz6emfhi2p6681k
   🔄 Group [R6F]: Map u7u5lc22q3tm7q6 -> hz6emfhi2p6681k

🛣️ Applying Specific NIO Rules...
   📍 NIO Rule: Map 3.2.3 (y885kz469jtul29) -> Banyan 3.2.0
   📍 NIO Rule: Map Banyan 3.2.2 (msn1dqgpe81qxt1) -> Banyan 3.2.0

🚀 Migrating trips...
   🛠️ Found 5 trips using old ID vspw7sg9qr6x1f8, fixing...
   🛠️ Found 1 trips using old ID 3158hnz2wu6hrxs, fixing...
   🛠️ Found 2 trips using old ID bdexxqkslqfllro, fixing...
✅ Collection trips updated: 8 records.

🚀 Migrating users...
   🛠️ Found 3 users using old ID l6jw2ejdmsg1bex, fixing...
   🛠️ Found 1 users using old ID vspw7sg9qr6x1f8, fixing...
   🛠️ Found 1 users using old ID lvob1z40584oj7n, fixing...
✅ Collection users updated: 5 records.
